// Jest Snapshot v1, https://goo.gl/fbAQLP

exports[`ConsolidatedInfoChart should match snapshot 1`] = `
<section
  className="sc-ifAKCX faebnB"
>
  <span
    className="sc-bZQynM IAXmQ"
    onClick={[Function]}
    style={
      Object {
        "cursor": "pointer",
      }
    }
  >
    <span
      className="sc-cSHVUG cixzVP"
      color="#3976CF"
      height={32}
      spacing={
        Object {
          "bottom": "none",
          "left": "none",
          "right": "none",
          "top": "none",
        }
      }
      width={32}
    >
      <svg
        height="20"
        viewBox="0 0 20 20"
        width="20"
        xmlns="http://www.w3.org/2000/svg"
      >
        <g
          fill="none"
          fillRule="evenodd"
        >
          <path
            d="M0 0h20v20H0z"
          />
          <path
            d="M9.624 7.085a3.416 3.416 0 0 0-3.412 3.412 3.416 3.416 0 0 0 3.412 3.412 3.416 3.416 0 0 0 3.412-3.412 3.416 3.416 0 0 0-3.412-3.412zm0-2.085c4.39 0 7.888 4.339 8.443 5.066l.072.095c.146.2.146.472 0 .672-.154.21-3.826 5.16-8.515 5.16-4.39 0-7.888-4.338-8.443-5.065l-.072-.096a.57.57 0 0 1 0-.67C1.263 9.95 4.935 5 9.624 5zm0 1.137c-3.461 0-6.447 3.284-7.331 4.36.886 1.074 3.877 4.36 7.331 4.36 3.462 0 6.447-3.285 7.332-4.36-.886-1.075-3.878-4.36-7.332-4.36zm0 2.085a2.277 2.277 0 0 1 2.275 2.275 2.277 2.277 0 0 1-2.275 2.274 2.277 2.277 0 0 1-2.274-2.274 2.277 2.277 0 0 1 2.274-2.275z"
            fill="currentColor"
            fillRule="nonzero"
            stroke="currentColor"
            strokeWidth=".3"
          />
        </g>
      </svg>
    </span>
  </span>
  <span
    className="sc-EHOje iTLkxv"
  >
    undefined
  </span>
  <div
    className="sc-gzVnrw jMalEa"
  >
    <div
      className="sc-bdVaJa ikBUBB"
      data-test="HideableValue"
    >
      <span
        className="sc-bxivhb oIDRU"
      >
        R$
      </span>
      <span
        className="sc-bwzfXH cdemNH"
      >
        ******
      </span>
    </div>
  </div>
</section>
`;

exports[`ConsolidatedInfoChart should match snapshot when offShore is true 1`] = `
<section
  className="sc-ifAKCX faebnB"
>
  <span
    className="sc-bZQynM IAXmQ"
    onClick={[Function]}
    style={
      Object {
        "cursor": "pointer",
      }
    }
  >
    <span
      className="sc-cSHVUG cixzVP"
      color="#3976CF"
      height={32}
      spacing={
        Object {
          "bottom": "none",
          "left": "none",
          "right": "none",
          "top": "none",
        }
      }
      width={32}
    >
      <svg
        height="20"
        viewBox="0 0 20 20"
        width="20"
        xmlns="http://www.w3.org/2000/svg"
      >
        <g
          fill="none"
          fillRule="evenodd"
        >
          <path
            d="M0 0h20v20H0z"
          />
          <path
            d="M9.624 7.085a3.416 3.416 0 0 0-3.412 3.412 3.416 3.416 0 0 0 3.412 3.412 3.416 3.416 0 0 0 3.412-3.412 3.416 3.416 0 0 0-3.412-3.412zm0-2.085c4.39 0 7.888 4.339 8.443 5.066l.072.095c.146.2.146.472 0 .672-.154.21-3.826 5.16-8.515 5.16-4.39 0-7.888-4.338-8.443-5.065l-.072-.096a.57.57 0 0 1 0-.67C1.263 9.95 4.935 5 9.624 5zm0 1.137c-3.461 0-6.447 3.284-7.331 4.36.886 1.074 3.877 4.36 7.331 4.36 3.462 0 6.447-3.285 7.332-4.36-.886-1.075-3.878-4.36-7.332-4.36zm0 2.085a2.277 2.277 0 0 1 2.275 2.275 2.277 2.277 0 0 1-2.275 2.274 2.277 2.277 0 0 1-2.274-2.274 2.277 2.277 0 0 1 2.274-2.275z"
            fill="currentColor"
            fillRule="nonzero"
            stroke="currentColor"
            strokeWidth=".3"
          />
        </g>
      </svg>
    </span>
  </span>
  <span
    className="sc-EHOje iTLkxv"
  >
    undefined
  </span>
  <div
    className="sc-gzVnrw jMalEa"
  >
    <div
      className="sc-bdVaJa ikBUBB"
      data-test="HideableValue"
    >
      <span
        className="sc-bwzfXH cdemNH"
      >
        ******
      </span>
    </div>
  </div>
  <div
    className="sc-htoDjs bSNJUi"
    data-testid="flagIcon"
  />
</section>
`;
