// Jest Snapshot v1, https://goo.gl/fbAQLP

exports[`InvestmentProducts component should match snapshot 1`] = `
<Fragment>
  <DefaultShimmerLoading
    innerRepeat={2}
    repeat={4}
  />
</Fragment>
`;
