// Jest Snapshot v1, https://goo.gl/fbAQLP

exports[`NewTransferShimmerLoading should match snapshot 1`] = `
<styled.div>
  <Card
    BigTitle="NEW_TRANSFER"
    icon={null}
    iconColor={null}
    title={null}
    titleColor="#27445f"
  >
    <styled.div
      loading={true}
      width={22}
    >
      <ShimmerLoading
        darker={false}
        index={0}
        inverse={false}
      />
      <ShimmerLoading
        darker={false}
        index={0}
        inverse={false}
      />
      <ShimmerLoading
        darker={false}
        index={0}
        inverse={false}
      />
      <ShimmerLoading
        darker={false}
        index={0}
        inverse={false}
      />
    </styled.div>
    <styled.div
      loading={true}
      width={23}
    >
      <ShimmerLoading
        darker={false}
        index={0}
        inverse={false}
      />
      <ShimmerLoading
        darker={false}
        index={0}
        inverse={false}
      />
      <ShimmerLoading
        darker={false}
        index={0}
        inverse={false}
      />
      <ShimmerLoading
        darker={false}
        index={0}
        inverse={false}
      />
    </styled.div>
    <styled.div
      loading={true}
      width={55}
    >
      <ShimmerLoading
        darker={false}
        index={0}
        inverse={false}
      />
      <ShimmerLoading
        darker={false}
        index={0}
        inverse={false}
      />
      <ShimmerLoading
        darker={false}
        index={0}
        inverse={false}
      />
      <ShimmerLoading
        darker={false}
        index={0}
        inverse={false}
      />
    </styled.div>
    <styled.div>
      <Styled(Button)
        disabled={true}
      >
        <ShimmerLoading
          darker={false}
          index={0}
          inverse={false}
        />
      </Styled(Button)>
    </styled.div>
  </Card>
</styled.div>
`;
