// Jest Snapshot v1, https://goo.gl/fbAQLP

exports[`Statements Cards OffShore should match snapshot 1`] = `
Object {
  "asFragment": [Function],
  "baseElement": <body
    style="overflow: visible;"
  >
    <div>
      <div
        class="sc-EHOje gJLZxB"
        data-test="cardOffshore"
      >
        <p
          class="sc-bdVaJa bsivQC"
          data-test="cardDateOffShore"
        >
          INITIAL DATE
        </p>
        <div
          class="sc-bZQynM foSlkM"
        >
          <div
            class="sc-bxivhb bwhakD"
          >
            <div
              class="sc-bwzfXH eIDKfq"
            >
              DAY_BALANCE
            </div>
             
            <div
              class="sc-htpNat dUqxUp"
              data-test="amountValueOffShore"
            >
              USD 1,000,000.00
            </div>
          </div>
          <li
            class="sc-gzVnrw dUGQdS"
            data-test="cardStatementOffShore0"
          >
            <span
              class="sc-gZMcBi ejcDsQ"
              data-test="cardTransactionTypeOffShore0"
            >
              <div
                class="sc-htoDjs gOrFne"
                value="10000"
              >
                TRANSFERENCIA
              </div>
              <div
                class="sc-dnqmqq jxEiUP"
              >
                Mattera Prates
              </div>
            </span>
            <div
              class="sc-iwsKbI ijhsUm"
              data-test="cardValueOffShore0"
              value="10000"
            >
              + USD 10,000.00
            </div>
          </li>
          <li
            class="sc-gzVnrw dUGQdS"
            data-test="cardStatementOffShore1"
          >
            <span
              class="sc-gZMcBi ejcDsQ"
              data-test="cardTransactionTypeOffShore1"
            >
              <div
                class="sc-htoDjs gOrFne"
                value="-1000"
              >
                REGISTRO DE CAPTACAO  EM PRE EXPORT
              </div>
              <div
                class="sc-dnqmqq jxEiUP"
              />
            </span>
            <div
              class="sc-iwsKbI bfEjBm"
              data-test="cardValueOffShore1"
              value="-1000"
            >
              - USD 1,000.00
            </div>
          </li>
        </div>
      </div>
    </div>
  </body>,
  "container": <div>
    <div
      class="sc-EHOje gJLZxB"
      data-test="cardOffshore"
    >
      <p
        class="sc-bdVaJa bsivQC"
        data-test="cardDateOffShore"
      >
        INITIAL DATE
      </p>
      <div
        class="sc-bZQynM foSlkM"
      >
        <div
          class="sc-bxivhb bwhakD"
        >
          <div
            class="sc-bwzfXH eIDKfq"
          >
            DAY_BALANCE
          </div>
           
          <div
            class="sc-htpNat dUqxUp"
            data-test="amountValueOffShore"
          >
            USD 1,000,000.00
          </div>
        </div>
        <li
          class="sc-gzVnrw dUGQdS"
          data-test="cardStatementOffShore0"
        >
          <span
            class="sc-gZMcBi ejcDsQ"
            data-test="cardTransactionTypeOffShore0"
          >
            <div
              class="sc-htoDjs gOrFne"
              value="10000"
            >
              TRANSFERENCIA
            </div>
            <div
              class="sc-dnqmqq jxEiUP"
            >
              Mattera Prates
            </div>
          </span>
          <div
            class="sc-iwsKbI ijhsUm"
            data-test="cardValueOffShore0"
            value="10000"
          >
            + USD 10,000.00
          </div>
        </li>
        <li
          class="sc-gzVnrw dUGQdS"
          data-test="cardStatementOffShore1"
        >
          <span
            class="sc-gZMcBi ejcDsQ"
            data-test="cardTransactionTypeOffShore1"
          >
            <div
              class="sc-htoDjs gOrFne"
              value="-1000"
            >
              REGISTRO DE CAPTACAO  EM PRE EXPORT
            </div>
            <div
              class="sc-dnqmqq jxEiUP"
            />
          </span>
          <div
            class="sc-iwsKbI bfEjBm"
            data-test="cardValueOffShore1"
            value="-1000"
          >
            - USD 1,000.00
          </div>
        </li>
      </div>
    </div>
  </div>,
  "debug": [Function],
  "findAllByAltText": [Function],
  "findAllByDisplayValue": [Function],
  "findAllByLabelText": [Function],
  "findAllByPlaceholderText": [Function],
  "findAllByRole": [Function],
  "findAllByTestId": [Function],
  "findAllByText": [Function],
  "findAllByTitle": [Function],
  "findByAltText": [Function],
  "findByDisplayValue": [Function],
  "findByLabelText": [Function],
  "findByPlaceholderText": [Function],
  "findByRole": [Function],
  "findByTestId": [Function],
  "findByText": [Function],
  "findByTitle": [Function],
  "getAllByAltText": [Function],
  "getAllByDisplayValue": [Function],
  "getAllByLabelText": [Function],
  "getAllByPlaceholderText": [Function],
  "getAllByRole": [Function],
  "getAllByTestId": [Function],
  "getAllByText": [Function],
  "getAllByTitle": [Function],
  "getByAltText": [Function],
  "getByDisplayValue": [Function],
  "getByLabelText": [Function],
  "getByPlaceholderText": [Function],
  "getByRole": [Function],
  "getByTestId": [Function],
  "getByText": [Function],
  "getByTitle": [Function],
  "queryAllByAltText": [Function],
  "queryAllByDisplayValue": [Function],
  "queryAllByLabelText": [Function],
  "queryAllByPlaceholderText": [Function],
  "queryAllByRole": [Function],
  "queryAllByTestId": [Function],
  "queryAllByText": [Function],
  "queryAllByTitle": [Function],
  "queryByAltText": [Function],
  "queryByDisplayValue": [Function],
  "queryByLabelText": [Function],
  "queryByPlaceholderText": [Function],
  "queryByRole": [Function],
  "queryByTestId": [Function],
  "queryByText": [Function],
  "queryByTitle": [Function],
  "rerender": [Function],
  "unmount": [Function],
}
`;
