// Jest Snapshot v1, https://goo.gl/fbAQLP

exports[`VirtualKeyboard component Should check rendered virtualkeyboard buttons 1`] = `
<styled.section
  active={true}
  hideBelow={null}
>
  <styled.h1>
    <Icon
      color={null}
      cursor={false}
      fixCrossAxisAlign={null}
      height={null}
      type="Keyboard"
      width={null}
    />
    <span />
  </styled.h1>
  <styled.div>
    <styled.span
      data-test="virtualKeyboardKey0"
      isPressed={false}
      key="0"
      onClick={[Function]}
    >
      0
    </styled.span>
    <styled.span
      data-test="virtualKeyboardKey1"
      isPressed={false}
      key="1"
      onClick={[Function]}
    >
      1
    </styled.span>
    <styled.span
      data-test="virtualKeyboardKey2"
      isPressed={false}
      key="2"
      onClick={[Function]}
    >
      2
    </styled.span>
    <styled.span
      data-test="virtualKeyboardKey3"
      isPressed={false}
      key="3"
      onClick={[Function]}
    >
      3
    </styled.span>
    <styled.span
      data-test="virtualKeyboardKey4"
      isPressed={false}
      key="4"
      onClick={[Function]}
    >
      4
    </styled.span>
    <styled.span
      data-test="virtualKeyboardKey5"
      isPressed={false}
      key="5"
      onClick={[Function]}
    >
      5
    </styled.span>
    <styled.span
      data-test="virtualKeyboardKey6"
      isPressed={false}
      key="6"
      onClick={[Function]}
    >
      6
    </styled.span>
    <styled.span
      data-test="virtualKeyboardKey7"
      isPressed={false}
      key="7"
      onClick={[Function]}
    >
      7
    </styled.span>
    <styled.span
      data-test="virtualKeyboardKey8"
      isPressed={false}
      key="8"
      onClick={[Function]}
    >
      8
    </styled.span>
    <styled.span
      data-test="virtualKeyboardKey9"
      isPressed={false}
      key="9"
      onClick={[Function]}
    >
      9
    </styled.span>
    <Styled(styled.span)
      data-test="eraseButton"
      onClick={[Function]}
    >
      <Icon
        color={null}
        cursor={false}
        fixCrossAxisAlign={null}
        height={null}
        type="Erase"
        width={null}
      />
      <span />
    </Styled(styled.span)>
  </styled.div>
</styled.section>
`;
